RAM Allocation
Variable                                                          Address   Size
--------------------------------------------------------------------------------
i                                                                 0x0500       4
_base_y                                                           0x0504       4

EEPROM Allocation
Variable                                                          Address   Size
--------------------------------------------------------------------------------

Register Allocation
Variable                                                          Register  Size
--------------------------------------------------------------------------------
k                                                                 R5           1
_lcd_x                                                            R4           1
_lcd_y                                                            R7           1
_lcd_maxx                                                         R6           1
